Archive member included to satisfy reference by file (symbol)

d:/7.0/toolchain/avr8/avr8-gnu-toolchain/bin/../lib/gcc/avr/5.4.0/avr5\libgcc.a(_exit.o)
                              D:/7.0/Packs/atmel/ATmega_DFP/1.7.374/gcc/dev/atmega32/avr5/crtatmega32.o (exit)
d:/7.0/toolchain/avr8/avr8-gnu-toolchain/bin/../lib/gcc/avr/5.4.0/avr5\libgcc.a(_clear_bss.o)
                              Aplication/APP.o (__do_clear_bss)

Allocating common symbols
Common symbol       size              file

firstpress          0x1               MCAL/timers/timer.o
counting            0x1               MCAL/timers/timer.o
counter             0x1               HAL/Buttondriver/button.o
initialpress        0x1               HAL/Buttondriver/button.o
ovf                 0x1               HAL/Buttondriver/button.o

Discarded input sections

 .data          0x00000000        0x0 D:/7.0/Packs/atmel/ATmega_DFP/1.7.374/gcc/dev/atmega32/avr5/crtatmega32.o
 .bss           0x00000000        0x0 D:/7.0/Packs/atmel/ATmega_DFP/1.7.374/gcc/dev/atmega32/avr5/crtatmega32.o
 .text          0x00000000        0x0 Aplication/APP.o
 .data          0x00000000        0x0 Aplication/APP.o
 .bss           0x00000000        0x0 Aplication/APP.o
 .text          0x00000000        0x0 HAL/Buttondriver/button.o
 .data          0x00000000        0x0 HAL/Buttondriver/button.o
 .bss           0x00000000        0x0 HAL/Buttondriver/button.o
 .text.BUTTON_read
                0x00000000        0x6 HAL/Buttondriver/button.o
 .text          0x00000000        0x0 HAL/LEDdriver/led.o
 .data          0x00000000        0x0 HAL/LEDdriver/led.o
 .bss           0x00000000        0x0 HAL/LEDdriver/led.o
 .text          0x00000000        0x0 main.o
 .data          0x00000000        0x0 main.o
 .bss           0x00000000        0x0 main.o
 .text          0x00000000        0x0 MCAL/DIOdriver/dio.o
 .data          0x00000000        0x0 MCAL/DIOdriver/dio.o
 .bss           0x00000000        0x0 MCAL/DIOdriver/dio.o
 .text.DIO_read
                0x00000000       0xc8 MCAL/DIOdriver/dio.o
 .text          0x00000000        0x0 MCAL/interrupts/interrupt.o
 .data          0x00000000        0x0 MCAL/interrupts/interrupt.o
 .bss           0x00000000        0x0 MCAL/interrupts/interrupt.o
 .text          0x00000000        0x0 MCAL/timers/timer.o
 .data          0x00000000        0x0 MCAL/timers/timer.o
 .bss           0x00000000        0x0 MCAL/timers/timer.o
 .text          0x00000000        0x0 d:/7.0/toolchain/avr8/avr8-gnu-toolchain/bin/../lib/gcc/avr/5.4.0/avr5\libgcc.a(_exit.o)
 .data          0x00000000        0x0 d:/7.0/toolchain/avr8/avr8-gnu-toolchain/bin/../lib/gcc/avr/5.4.0/avr5\libgcc.a(_exit.o)
 .bss           0x00000000        0x0 d:/7.0/toolchain/avr8/avr8-gnu-toolchain/bin/../lib/gcc/avr/5.4.0/avr5\libgcc.a(_exit.o)
 .text.libgcc.mul
                0x00000000        0x0 d:/7.0/toolchain/avr8/avr8-gnu-toolchain/bin/../lib/gcc/avr/5.4.0/avr5\libgcc.a(_exit.o)
 .text.libgcc.div
                0x00000000        0x0 d:/7.0/toolchain/avr8/avr8-gnu-toolchain/bin/../lib/gcc/avr/5.4.0/avr5\libgcc.a(_exit.o)
 .text.libgcc   0x00000000        0x0 d:/7.0/toolchain/avr8/avr8-gnu-toolchain/bin/../lib/gcc/avr/5.4.0/avr5\libgcc.a(_exit.o)
 .text.libgcc.prologue
                0x00000000        0x0 d:/7.0/toolchain/avr8/avr8-gnu-toolchain/bin/../lib/gcc/avr/5.4.0/avr5\libgcc.a(_exit.o)
 .text.libgcc.builtins
                0x00000000        0x0 d:/7.0/toolchain/avr8/avr8-gnu-toolchain/bin/../lib/gcc/avr/5.4.0/avr5\libgcc.a(_exit.o)
 .text.libgcc.fmul
                0x00000000        0x0 d:/7.0/toolchain/avr8/avr8-gnu-toolchain/bin/../lib/gcc/avr/5.4.0/avr5\libgcc.a(_exit.o)
 .text.libgcc.fixed
                0x00000000        0x0 d:/7.0/toolchain/avr8/avr8-gnu-toolchain/bin/../lib/gcc/avr/5.4.0/avr5\libgcc.a(_exit.o)
 .text          0x00000000        0x0 d:/7.0/toolchain/avr8/avr8-gnu-toolchain/bin/../lib/gcc/avr/5.4.0/avr5\libgcc.a(_clear_bss.o)
 .data          0x00000000        0x0 d:/7.0/toolchain/avr8/avr8-gnu-toolchain/bin/../lib/gcc/avr/5.4.0/avr5\libgcc.a(_clear_bss.o)
 .bss           0x00000000        0x0 d:/7.0/toolchain/avr8/avr8-gnu-toolchain/bin/../lib/gcc/avr/5.4.0/avr5\libgcc.a(_clear_bss.o)
 .text.libgcc.mul
                0x00000000        0x0 d:/7.0/toolchain/avr8/avr8-gnu-toolchain/bin/../lib/gcc/avr/5.4.0/avr5\libgcc.a(_clear_bss.o)
 .text.libgcc.div
                0x00000000        0x0 d:/7.0/toolchain/avr8/avr8-gnu-toolchain/bin/../lib/gcc/avr/5.4.0/avr5\libgcc.a(_clear_bss.o)
 .text.libgcc   0x00000000        0x0 d:/7.0/toolchain/avr8/avr8-gnu-toolchain/bin/../lib/gcc/avr/5.4.0/avr5\libgcc.a(_clear_bss.o)
 .text.libgcc.prologue
                0x00000000        0x0 d:/7.0/toolchain/avr8/avr8-gnu-toolchain/bin/../lib/gcc/avr/5.4.0/avr5\libgcc.a(_clear_bss.o)
 .text.libgcc.builtins
                0x00000000        0x0 d:/7.0/toolchain/avr8/avr8-gnu-toolchain/bin/../lib/gcc/avr/5.4.0/avr5\libgcc.a(_clear_bss.o)
 .text.libgcc.fmul
                0x00000000        0x0 d:/7.0/toolchain/avr8/avr8-gnu-toolchain/bin/../lib/gcc/avr/5.4.0/avr5\libgcc.a(_clear_bss.o)
 .text.libgcc.fixed
                0x00000000        0x0 d:/7.0/toolchain/avr8/avr8-gnu-toolchain/bin/../lib/gcc/avr/5.4.0/avr5\libgcc.a(_clear_bss.o)

Memory Configuration

Name             Origin             Length             Attributes
text             0x00000000         0x00008000         xr
data             0x00800060         0x00000800         rw !x
eeprom           0x00810000         0x00000400         rw !x
fuse             0x00820000         0x00000002         rw !x
lock             0x00830000         0x00000400         rw !x
signature        0x00840000         0x00000400         rw !x
user_signatures  0x00850000         0x00000400         rw !x
*default*        0x00000000         0xffffffff

Linker script and memory map

LOAD D:/7.0/Packs/atmel/ATmega_DFP/1.7.374/gcc/dev/atmega32/avr5/crtatmega32.o
LOAD Aplication/APP.o
LOAD HAL/Buttondriver/button.o
LOAD HAL/LEDdriver/led.o
LOAD main.o
LOAD MCAL/DIOdriver/dio.o
LOAD MCAL/interrupts/interrupt.o
LOAD MCAL/timers/timer.o
START GROUP
LOAD d:/7.0/toolchain/avr8/avr8-gnu-toolchain/bin/../lib/gcc/avr/5.4.0/../../../../avr/lib/avr5\libm.a
END GROUP
START GROUP
LOAD d:/7.0/toolchain/avr8/avr8-gnu-toolchain/bin/../lib/gcc/avr/5.4.0/avr5\libgcc.a
LOAD d:/7.0/toolchain/avr8/avr8-gnu-toolchain/bin/../lib/gcc/avr/5.4.0/../../../../avr/lib/avr5\libm.a
LOAD d:/7.0/toolchain/avr8/avr8-gnu-toolchain/bin/../lib/gcc/avr/5.4.0/../../../../avr/lib/avr5\libc.a
LOAD D:/7.0/Packs/atmel/ATmega_DFP/1.7.374/gcc/dev/atmega32/avr5\libatmega32.a
END GROUP
                0x00000000                __TEXT_REGION_ORIGIN__ = DEFINED (__TEXT_REGION_ORIGIN__)?__TEXT_REGION_ORIGIN__:0x0
                [0x00800060]                __DATA_REGION_ORIGIN__ = DEFINED (__DATA_REGION_ORIGIN__)?__DATA_REGION_ORIGIN__:0x800060
                [0x00008000]                __TEXT_REGION_LENGTH__ = DEFINED (__TEXT_REGION_LENGTH__)?__TEXT_REGION_LENGTH__:0x20000
                [0x00000800]                __DATA_REGION_LENGTH__ = DEFINED (__DATA_REGION_LENGTH__)?__DATA_REGION_LENGTH__:0xffa0
                [0x00000400]                __EEPROM_REGION_LENGTH__ = DEFINED (__EEPROM_REGION_LENGTH__)?__EEPROM_REGION_LENGTH__:0x10000
                [0x00000002]                __FUSE_REGION_LENGTH__ = DEFINED (__FUSE_REGION_LENGTH__)?__FUSE_REGION_LENGTH__:0x400
                0x00000400                __LOCK_REGION_LENGTH__ = DEFINED (__LOCK_REGION_LENGTH__)?__LOCK_REGION_LENGTH__:0x400
                0x00000400                __SIGNATURE_REGION_LENGTH__ = DEFINED (__SIGNATURE_REGION_LENGTH__)?__SIGNATURE_REGION_LENGTH__:0x400
                0x00000400                __USER_SIGNATURE_REGION_LENGTH__ = DEFINED (__USER_SIGNATURE_REGION_LENGTH__)?__USER_SIGNATURE_REGION_LENGTH__:0x400

.hash
 *(.hash)

.dynsym
 *(.dynsym)

.dynstr
 *(.dynstr)

.gnu.version
 *(.gnu.version)

.gnu.version_d
 *(.gnu.version_d)

.gnu.version_r
 *(.gnu.version_r)

.rel.init
 *(.rel.init)

.rela.init
 *(.rela.init)

.rel.text
 *(.rel.text)
 *(.rel.text.*)
 *(.rel.gnu.linkonce.t*)

.rela.text
 *(.rela.text)
 *(.rela.text.*)
 *(.rela.gnu.linkonce.t*)

.rel.fini
 *(.rel.fini)

.rela.fini
 *(.rela.fini)

.rel.rodata
 *(.rel.rodata)
 *(.rel.rodata.*)
 *(.rel.gnu.linkonce.r*)

.rela.rodata
 *(.rela.rodata)
 *(.rela.rodata.*)
 *(.rela.gnu.linkonce.r*)

.rel.data
 *(.rel.data)
 *(.rel.data.*)
 *(.rel.gnu.linkonce.d*)

.rela.data
 *(.rela.data)
 *(.rela.data.*)
 *(.rela.gnu.linkonce.d*)

.rel.ctors
 *(.rel.ctors)

.rela.ctors
 *(.rela.ctors)

.rel.dtors
 *(.rel.dtors)

.rela.dtors
 *(.rela.dtors)

.rel.got
 *(.rel.got)

.rela.got
 *(.rela.got)

.rel.bss
 *(.rel.bss)

.rela.bss
 *(.rela.bss)

.rel.plt
 *(.rel.plt)

.rela.plt
 *(.rela.plt)

.text           0x00000000      0x60c
 *(.vectors)
 .vectors       0x00000000       0x54 D:/7.0/Packs/atmel/ATmega_DFP/1.7.374/gcc/dev/atmega32/avr5/crtatmega32.o
                0x00000000                __vector_default
                0x00000000                __vectors
 *(.vectors)
 *(.progmem.gcc*)
                0x00000054                . = ALIGN (0x2)
                0x00000054                __trampolines_start = .
 *(.trampolines)
 .trampolines   0x00000054        0x0 linker stubs
 *(.trampolines*)
                0x00000054                __trampolines_end = .
 *libprintf_flt.a:*(.progmem.data)
 *libc.a:*(.progmem.data)
 *(.progmem*)
                0x00000054                . = ALIGN (0x2)
 *(.jumptables)
 *(.jumptables*)
 *(.lowtext)
 *(.lowtext*)
                0x00000054                __ctors_start = .
 *(.ctors)
                0x00000054                __ctors_end = .
                0x00000054                __dtors_start = .
 *(.dtors)
                0x00000054                __dtors_end = .
 SORT(*)(.ctors)
 SORT(*)(.dtors)
 *(.init0)
 .init0         0x00000054        0x0 D:/7.0/Packs/atmel/ATmega_DFP/1.7.374/gcc/dev/atmega32/avr5/crtatmega32.o
                0x00000054                __init
 *(.init0)
 *(.init1)
 *(.init1)
 *(.init2)
 .init2         0x00000054        0xc D:/7.0/Packs/atmel/ATmega_DFP/1.7.374/gcc/dev/atmega32/avr5/crtatmega32.o
 *(.init2)
 *(.init3)
 *(.init3)
 *(.init4)
 .init4         0x00000060       0x10 d:/7.0/toolchain/avr8/avr8-gnu-toolchain/bin/../lib/gcc/avr/5.4.0/avr5\libgcc.a(_clear_bss.o)
                0x00000060                __do_clear_bss
 *(.init4)
 *(.init5)
 *(.init5)
 *(.init6)
 *(.init6)
 *(.init7)
 *(.init7)
 *(.init8)
 *(.init8)
 *(.init9)
 .init9         0x00000070        0x8 D:/7.0/Packs/atmel/ATmega_DFP/1.7.374/gcc/dev/atmega32/avr5/crtatmega32.o
 *(.init9)
 *(.text)
 .text          0x00000078        0x4 D:/7.0/Packs/atmel/ATmega_DFP/1.7.374/gcc/dev/atmega32/avr5/crtatmega32.o
                0x00000078                __vector_12
                0x00000078                __bad_interrupt
                0x00000078                __vector_6
                0x00000078                __vector_3
                0x00000078                __vector_13
                0x00000078                __vector_17
                0x00000078                __vector_19
                0x00000078                __vector_7
                0x00000078                __vector_5
                0x00000078                __vector_4
                0x00000078                __vector_9
                0x00000078                __vector_2
                0x00000078                __vector_15
                0x00000078                __vector_8
                0x00000078                __vector_14
                0x00000078                __vector_10
                0x00000078                __vector_16
                0x00000078                __vector_18
                0x00000078                __vector_20
                0x0000007c                . = ALIGN (0x2)
 *(.text.*)
 .text.App_init
                0x0000007c       0x52 Aplication/APP.o
                0x0000007c                App_init
 .text.App_start
                0x000000ce      0x10a Aplication/APP.o
                0x000000ce                App_start
 .text.BUTTON_init
                0x000001d8        0x8 HAL/Buttondriver/button.o
                0x000001d8                BUTTON_init
 .text.__vector_1
                0x000001e0       0xa6 HAL/Buttondriver/button.o
                0x000001e0                __vector_1
 .text.LED_init
                0x00000286        0x8 HAL/LEDdriver/led.o
                0x00000286                LED_init
 .text.LED_on   0x0000028e        0x8 HAL/LEDdriver/led.o
                0x0000028e                LED_on
 .text.LED_off  0x00000296        0x8 HAL/LEDdriver/led.o
                0x00000296                LED_off
 .text.LED_toggle
                0x0000029e        0x6 HAL/LEDdriver/led.o
                0x0000029e                LED_toggle
 .text.main     0x000002a4        0xa main.o
                0x000002a4                main
 .text.DIO_init
                0x000002ae       0xf4 MCAL/DIOdriver/dio.o
                0x000002ae                DIO_init
 .text.DIO_write
                0x000003a2       0xf4 MCAL/DIOdriver/dio.o
                0x000003a2                DIO_write
 .text.DIO_toggle
                0x00000496       0x6e MCAL/DIOdriver/dio.o
                0x00000496                DIO_toggle
 .text.INTERRUPT_global_init
                0x00000504        0x8 MCAL/interrupts/interrupt.o
                0x00000504                INTERRUPT_global_init
 .text.INTERRUPT_T0_ovf_init
                0x0000050c        0x8 MCAL/interrupts/interrupt.o
                0x0000050c                INTERRUPT_T0_ovf_init
 .text.INTERRUPT_0_init
                0x00000514       0x14 MCAL/interrupts/interrupt.o
                0x00000514                INTERRUPT_0_init
 .text.setcallback
                0x00000528        0xa MCAL/timers/timer.o
                0x00000528                setcallback
 .text.TIMER_0_set_init_value
                0x00000532        0x4 MCAL/timers/timer.o
                0x00000532                TIMER_0_set_init_value
 .text.TIMER_0_init
                0x00000536        0xc MCAL/timers/timer.o
                0x00000536                TIMER_0_init
 .text.TIMER_0_start
                0x00000542       0x10 MCAL/timers/timer.o
                0x00000542                TIMER_0_start
 .text.TIMER_0_stop
                0x00000552        0x8 MCAL/timers/timer.o
                0x00000552                TIMER_0_stop
 .text.TIMER_0_delay
                0x0000055a        0xa MCAL/timers/timer.o
                0x0000055a                TIMER_0_delay
 .text.TIMER_reset
                0x00000564        0xc MCAL/timers/timer.o
                0x00000564                TIMER_reset
 .text.__vector_11
                0x00000570       0x98 MCAL/timers/timer.o
                0x00000570                __vector_11
                0x00000608                . = ALIGN (0x2)
 *(.fini9)
 .fini9         0x00000608        0x0 d:/7.0/toolchain/avr8/avr8-gnu-toolchain/bin/../lib/gcc/avr/5.4.0/avr5\libgcc.a(_exit.o)
                0x00000608                _exit
                0x00000608                exit
 *(.fini9)
 *(.fini8)
 *(.fini8)
 *(.fini7)
 *(.fini7)
 *(.fini6)
 *(.fini6)
 *(.fini5)
 *(.fini5)
 *(.fini4)
 *(.fini4)
 *(.fini3)
 *(.fini3)
 *(.fini2)
 *(.fini2)
 *(.fini1)
 *(.fini1)
 *(.fini0)
 .fini0         0x00000608        0x4 d:/7.0/toolchain/avr8/avr8-gnu-toolchain/bin/../lib/gcc/avr/5.4.0/avr5\libgcc.a(_exit.o)
 *(.fini0)
                0x0000060c                _etext = .

.data           0x00800060        0x0 load address 0x0000060c
                [!provide]                PROVIDE (__data_start, .)
 *(.data)
 *(.data*)
 *(.gnu.linkonce.d*)
 *(.rodata)
 *(.rodata*)
 *(.gnu.linkonce.r*)
                0x00800060                . = ALIGN (0x2)
                0x00800060                _edata = .
                [!provide]                PROVIDE (__data_end, .)

.bss            0x00800060        0x9
                0x00800060                PROVIDE (__bss_start, .)
 *(.bss)
 *(.bss*)
 .bss.startpress
                0x00800060        0x1 Aplication/APP.o
                0x00800060                startpress
 .bss.count_level
                0x00800061        0x1 Aplication/APP.o
                0x00800061                count_level
 .bss.callbackvar
                0x00800062        0x2 MCAL/timers/timer.o
 *(COMMON)
 COMMON         0x00800064        0x3 HAL/Buttondriver/button.o
                0x00800064                counter
                0x00800065                initialpress
                0x00800066                ovf
 COMMON         0x00800067        0x2 MCAL/timers/timer.o
                0x00800067                firstpress
                0x00800068                counting
                0x00800069                PROVIDE (__bss_end, .)
                0x0000060c                __data_load_start = LOADADDR (.data)
                0x0000060c                __data_load_end = (__data_load_start + SIZEOF (.data))

.noinit         0x00800069        0x0
                [!provide]                PROVIDE (__noinit_start, .)
 *(.noinit*)
                [!provide]                PROVIDE (__noinit_end, .)
                0x00800069                _end = .
                [!provide]                PROVIDE (__heap_start, .)

.eeprom         0x00810000        0x0
 *(.eeprom*)
                0x00810000                __eeprom_end = .

.fuse
 *(.fuse)
 *(.lfuse)
 *(.hfuse)
 *(.efuse)

.lock
 *(.lock*)

.signature
 *(.signature*)

.user_signatures
 *(.user_signatures*)

.stab
 *(.stab)

.stabstr
 *(.stabstr)

.stab.excl
 *(.stab.excl)

.stab.exclstr
 *(.stab.exclstr)

.stab.index
 *(.stab.index)

.stab.indexstr
 *(.stab.indexstr)

.comment        0x00000000       0x30
 *(.comment)
 .comment       0x00000000       0x30 Aplication/APP.o
                                 0x31 (size before relaxing)
 .comment       0x00000030       0x31 HAL/Buttondriver/button.o
 .comment       0x00000030       0x31 HAL/LEDdriver/led.o
 .comment       0x00000030       0x31 main.o
 .comment       0x00000030       0x31 MCAL/DIOdriver/dio.o
 .comment       0x00000030       0x31 MCAL/interrupts/interrupt.o
 .comment       0x00000030       0x31 MCAL/timers/timer.o

.note.gnu.avr.deviceinfo
                0x00000000       0x3c
 .note.gnu.avr.deviceinfo
                0x00000000       0x3c D:/7.0/Packs/atmel/ATmega_DFP/1.7.374/gcc/dev/atmega32/avr5/crtatmega32.o

.note.gnu.build-id
 *(.note.gnu.build-id)

.debug
 *(.debug)

.line
 *(.line)

.debug_srcinfo
 *(.debug_srcinfo)

.debug_sfnames
 *(.debug_sfnames)

.debug_aranges  0x00000000      0x170
 *(.debug_aranges)
 .debug_aranges
                0x00000000       0x28 Aplication/APP.o
 .debug_aranges
                0x00000028       0x30 HAL/Buttondriver/button.o
 .debug_aranges
                0x00000058       0x38 HAL/LEDdriver/led.o
 .debug_aranges
                0x00000090       0x20 main.o
 .debug_aranges
                0x000000b0       0x38 MCAL/DIOdriver/dio.o
 .debug_aranges
                0x000000e8       0x30 MCAL/interrupts/interrupt.o
 .debug_aranges
                0x00000118       0x58 MCAL/timers/timer.o

.debug_pubnames
 *(.debug_pubnames)

.debug_info     0x00000000     0x114f
 *(.debug_info .gnu.linkonce.wi.*)
 .debug_info    0x00000000      0x4e6 D:/7.0/Packs/atmel/ATmega_DFP/1.7.374/gcc/dev/atmega32/avr5/crtatmega32.o
 .debug_info    0x000004e6      0x36b Aplication/APP.o
 .debug_info    0x00000851      0x277 HAL/Buttondriver/button.o
 .debug_info    0x00000ac8      0x1e7 HAL/LEDdriver/led.o
 .debug_info    0x00000caf       0xae main.o
 .debug_info    0x00000d5d      0x177 MCAL/DIOdriver/dio.o
 .debug_info    0x00000ed4       0x7b MCAL/interrupts/interrupt.o
 .debug_info    0x00000f4f      0x200 MCAL/timers/timer.o

.debug_abbrev   0x00000000      0x95e
 *(.debug_abbrev)
 .debug_abbrev  0x00000000      0x4a3 D:/7.0/Packs/atmel/ATmega_DFP/1.7.374/gcc/dev/atmega32/avr5/crtatmega32.o
 .debug_abbrev  0x000004a3       0xa3 Aplication/APP.o
 .debug_abbrev  0x00000546      0x114 HAL/Buttondriver/button.o
 .debug_abbrev  0x0000065a       0x8b HAL/LEDdriver/led.o
 .debug_abbrev  0x000006e5       0x68 main.o
 .debug_abbrev  0x0000074d       0x92 MCAL/DIOdriver/dio.o
 .debug_abbrev  0x000007df       0x44 MCAL/interrupts/interrupt.o
 .debug_abbrev  0x00000823      0x13b MCAL/timers/timer.o

.debug_line     0x00000000      0x9e9
 *(.debug_line .debug_line.* .debug_line_end)
 .debug_line    0x00000000      0x116 D:/7.0/Packs/atmel/ATmega_DFP/1.7.374/gcc/dev/atmega32/avr5/crtatmega32.o
 .debug_line    0x00000116      0x21c Aplication/APP.o
 .debug_line    0x00000332      0x164 HAL/Buttondriver/button.o
 .debug_line    0x00000496       0xf4 HAL/LEDdriver/led.o
 .debug_line    0x0000058a       0x62 main.o
 .debug_line    0x000005ec      0x1e4 MCAL/DIOdriver/dio.o
 .debug_line    0x000007d0       0xac MCAL/interrupts/interrupt.o
 .debug_line    0x0000087c      0x16d MCAL/timers/timer.o

.debug_frame    0x00000000      0x2ac
 *(.debug_frame)
 .debug_frame   0x00000000       0x34 Aplication/APP.o
 .debug_frame   0x00000034       0x8c HAL/Buttondriver/button.o
 .debug_frame   0x000000c0       0x54 HAL/LEDdriver/led.o
 .debug_frame   0x00000114       0x24 main.o
 .debug_frame   0x00000138       0x54 MCAL/DIOdriver/dio.o
 .debug_frame   0x0000018c       0x44 MCAL/interrupts/interrupt.o
 .debug_frame   0x000001d0       0xdc MCAL/timers/timer.o

.debug_str      0x00000000      0x504
 *(.debug_str)
 .debug_str     0x00000000      0x196 D:/7.0/Packs/atmel/ATmega_DFP/1.7.374/gcc/dev/atmega32/avr5/crtatmega32.o
 .debug_str     0x00000196      0x1c1 Aplication/APP.o
                                0x1f5 (size before relaxing)
 .debug_str     0x00000357       0x7c HAL/Buttondriver/button.o
                                0x1cc (size before relaxing)
 .debug_str     0x000003d3       0x46 HAL/LEDdriver/led.o
                                0x196 (size before relaxing)
 .debug_str     0x00000419       0x11 main.o
                                0x14b (size before relaxing)
 .debug_str     0x0000042a       0x40 MCAL/DIOdriver/dio.o
                                0x19c (size before relaxing)
 .debug_str     0x0000046a       0x1f MCAL/interrupts/interrupt.o
                                0x132 (size before relaxing)
 .debug_str     0x00000489       0x7b MCAL/timers/timer.o
                                0x184 (size before relaxing)

.debug_loc      0x00000000      0x5c0
 *(.debug_loc)
 .debug_loc     0x00000000      0x175 HAL/Buttondriver/button.o
 .debug_loc     0x00000175      0x108 HAL/LEDdriver/led.o
 .debug_loc     0x0000027d      0x278 MCAL/DIOdriver/dio.o
 .debug_loc     0x000004f5       0xcb MCAL/timers/timer.o

.debug_macinfo
 *(.debug_macinfo)

.debug_weaknames
 *(.debug_weaknames)

.debug_funcnames
 *(.debug_funcnames)

.debug_typenames
 *(.debug_typenames)

.debug_varnames
 *(.debug_varnames)

.debug_pubtypes
 *(.debug_pubtypes)

.debug_ranges   0x00000000      0x100
 *(.debug_ranges)
 .debug_ranges  0x00000000       0x18 Aplication/APP.o
 .debug_ranges  0x00000018       0x20 HAL/Buttondriver/button.o
 .debug_ranges  0x00000038       0x28 HAL/LEDdriver/led.o
 .debug_ranges  0x00000060       0x10 main.o
 .debug_ranges  0x00000070       0x28 MCAL/DIOdriver/dio.o
 .debug_ranges  0x00000098       0x20 MCAL/interrupts/interrupt.o
 .debug_ranges  0x000000b8       0x48 MCAL/timers/timer.o

.debug_macro
 *(.debug_macro)
OUTPUT(at2.elf elf32-avr)
LOAD linker stubs
